{
 "gauge_selection": "primary gauge waverider-17m",
 "blocks": {
  "transects": 9,
  "distance_m": 1024.0,
  "resamples": 2000
 },
 "radial_centroid_block_bootstrap": {
  "n": 4706,
  "n_blocks": 55,
  "median": 0.022212866925378716,
  "p10_p90": [
   -0.19789547323783852,
   0.4064573798519382
  ],
  "rms": 0.6401850783538309,
  "median_ci95_block_bootstrap": [
   0.004009936793187291,
   0.04755833106237484
  ],
  "median_se_block_bootstrap": 0.010947457090969597
 },
 "paper_peak_block_bootstrap": {
  "n": 3453,
  "n_blocks": 53,
  "median": -0.04811297018723193,
  "p10_p90": [
   -0.5390536652136111,
   0.17134278455067076
  ],
  "rms": 0.2845831239703414,
  "median_ci95_block_bootstrap": [
   -0.085243832404588,
   -0.011940275473810491
  ],
  "median_se_block_bootstrap": 0.016820900580002213
 },
 "paper_peak_by_dominant_source": {
  "frf_survey": {
   "n": 8,
   "n_blocks": 1,
   "median": 0.18086429526042058,
   "p10_p90": [
    0.04775376090635547,
    0.24443440582707504
   ],
   "rms": 0.19179682007212726
  },
  "bluetopo_modern": {
   "n": 867,
   "n_blocks": 24,
   "median": 0.010121239966827345,
   "p10_p90": [
    -0.2512331972968856,
    0.20260358004028442
   ],
   "rms": 0.2117583149241821,
   "median_ci95_block_bootstrap": [
    -0.037941847171868215,
    0.048809312956780815
   ],
   "median_se_block_bootstrap": 0.023223180639057733
  },
  "legacy_corrected": {
   "n": 2578,
   "n_blocks": 39,
   "median": -0.063646534421963,
   "p10_p90": [
    -0.6229680154689615,
    0.1468967881405277
   ],
   "rms": 0.3054191717476784,
   "median_ci95_block_bootstrap": [
    -0.11355876606258353,
    -0.031615057659546864
   ],
   "median_se_block_bootstrap": 0.021875440261610993
  }
 },
 "gauges_m": {
  "8m-array": 8.0,
  "awac-11m": 11.9,
  "waverider-17m": 18.0,
  "waverider-26m": 26.0
 },
 "n_windows": 4706,
 "depth_range_m": [
  6.962210178375244,
  27.25297737121582
 ],
 "radial_centroid": {
  "median": 0.022212866925378716,
  "p10_p90": [
   -0.19789547323783852,
   0.4064573798519382
  ],
  "robust_scatter_nmad": 0.18260318884686377
 },
 "paper_peak": {
  "n": 3453,
  "median": -0.04811297018723193,
  "p10_p90": [
   -0.5390536652136111,
   0.17134278455067076
  ],
  "robust_scatter_nmad": 0.1854570619043281
 },
 "note": "overlapping windows (50-100 m steps, alongshore averaging) are strongly correlated; bins are not independent samples"
}
[7.0, 8.0] 52 ['waverider-17m'] 95 109 +7.1%
[8.0, 9.0] 124 ['waverider-17m'] 99 115 +13.2%
[9.0, 10.0] 136 ['waverider-17m'] 105 117 +10.7%
[10.0, 11.0] 127 ['waverider-17m'] 109 116 +5.0%
[11.0, 12.0] 154 ['waverider-17m'] 116 112 -4.0%
[12.0, 13.0] 184 ['waverider-17m'] 121 114 -4.6%
[13.0, 14.0] 289 ['waverider-17m'] 126 129 +3.0%
[14.0, 15.0] 477 ['waverider-17m'] 130 130 +0.1%
[15.0, 16.0] 565 ['waverider-17m'] 134 128 -4.3%
[16.0, 17.0] 441 ['waverider-17m'] 139 146 +8.0%
[17.0, 18.0] 436 ['waverider-17m'] 139 128 -5.7%
[18.0, 19.0] 496 ['waverider-17m'] 144 146 +1.8%
[19.0, 20.0] 123 ['waverider-17m'] 148 151 +1.9%
[20.0, 21.0] 276 ['waverider-17m'] 150 151 +1.2%
[21.0, 22.0] 321 ['waverider-17m'] 153 158 +3.1%
[22.0, 23.0] 296 ['waverider-17m'] 156 167 +11.0%
[23.0, 24.0] 29 ['waverider-17m'] 158 129 -16.2%
[26.0, 27.0] 107 ['waverider-17m'] 165 147 -2.1%
[27.0, 28.0] 72 ['waverider-17m'] 165 166 +0.1%
