{
 "gauge_selection": "nearest in depth (sensitivity)",
 "blocks": {
  "transects": 9,
  "distance_m": 1024.0,
  "resamples": 2000
 },
 "radial_centroid_block_bootstrap": {
  "n": 4706,
  "n_blocks": 55,
  "median": 0.033064774050767465,
  "p10_p90": [
   -0.2051934185401939,
   0.4245146550299742
  ],
  "rms": 0.6498574169884596,
  "median_ci95_block_bootstrap": [
   0.009246376591884495,
   0.0535714285714286
  ],
  "median_se_block_bootstrap": 0.012670734327734322
 },
 "paper_peak_block_bootstrap": {
  "n": 3453,
  "n_blocks": 53,
  "median": -0.04393270627068879,
  "p10_p90": [
   -0.5334653078173719,
   0.17393568818738941
  ],
  "rms": 0.28743280586267306,
  "median_ci95_block_bootstrap": [
   -0.08524383240458744,
   -0.007744834984468424
  ],
  "median_se_block_bootstrap": 0.017228931525261115
 },
 "paper_peak_by_dominant_source": {
  "frf_survey": {
   "n": 8,
   "n_blocks": 1,
   "median": 0.058776318319545995,
   "p10_p90": [
    -0.05978577872175496,
    0.17724327591762795
   ],
   "rms": 0.14001676427540374
  },
  "bluetopo_modern": {
   "n": 867,
   "n_blocks": 24,
   "median": -0.014699023289897362,
   "p10_p90": [
    -0.23284693007728216,
    0.18071237812668284
   ],
   "rms": 0.21463339390713151,
   "median_ci95_block_bootstrap": [
    -0.04065809740328946,
    0.022728486790266178
   ],
   "median_se_block_bootstrap": 0.019740042939205383
  },
  "legacy_corrected": {
   "n": 2578,
   "n_blocks": 39,
   "median": -0.05423514875728608,
   "p10_p90": [
    -0.6194511351173352,
    0.1726226547570342
   ],
   "rms": 0.3083913565916559,
   "median_ci95_block_bootstrap": [
    -0.11245143406315405,
    -0.015619615444861968
   ],
   "median_se_block_bootstrap": 0.023385703658884878
  }
 },
 "gauges_m": {
  "8m-array": 8.0,
  "awac-11m": 11.9,
  "waverider-17m": 18.0,
  "waverider-26m": 26.0
 },
 "n_windows": 4706,
 "depth_range_m": [
  6.962210178375244,
  27.25297737121582
 ],
 "radial_centroid": {
  "median": 0.033064774050767465,
  "p10_p90": [
   -0.2051934185401939,
   0.4245146550299742
  ],
  "robust_scatter_nmad": 0.1960310606054829
 },
 "paper_peak": {
  "n": 3453,
  "median": -0.04393270627068879,
  "p10_p90": [
   -0.5334653078173719,
   0.17393568818738941
  ],
  "robust_scatter_nmad": 0.19436668733605492
 },
 "note": "overlapping windows (50-100 m steps, alongshore averaging) are strongly correlated; bins are not independent samples"
}
[7.0, 8.0] 52 ['8m-array'] 105 109 -2.2%
[8.0, 9.0] 124 ['8m-array'] 110 115 +2.4%
[9.0, 10.0] 136 ['8m-array', 'awac-11m'] 117 117 +0.8%
[10.0, 11.0] 127 ['awac-11m'] 104 116 +10.8%
[11.0, 12.0] 154 ['awac-11m'] 108 112 +3.1%
[12.0, 13.0] 184 ['awac-11m'] 111 114 +3.0%
[13.0, 14.0] 289 ['awac-11m'] 115 129 +11.7%
[14.0, 15.0] 477 ['awac-11m', 'waverider-17m'] 119 130 +10.8%
[15.0, 16.0] 565 ['waverider-17m'] 134 128 -4.3%
[16.0, 17.0] 441 ['waverider-17m'] 139 146 +8.0%
[17.0, 18.0] 436 ['waverider-17m'] 139 128 -5.7%
[18.0, 19.0] 496 ['waverider-17m'] 144 146 +1.8%
[19.0, 20.0] 123 ['waverider-17m'] 148 151 +1.9%
[20.0, 21.0] 276 ['waverider-17m'] 150 151 +1.2%
[21.0, 22.0] 321 ['waverider-17m'] 153 158 +3.1%
[22.0, 23.0] 296 ['waverider-26m'] 140 167 +6.2%
[23.0, 24.0] 29 ['waverider-26m'] 142 129 -11.0%
[26.0, 27.0] 107 ['waverider-26m'] 148 147 -1.8%
[27.0, 28.0] 72 ['waverider-26m'] 213 166 -22.1%
