{
 "gauge_selection": "primary gauge waverider-17m",
 "blocks": {
  "transects": 9,
  "distance_m": 1024.0,
  "resamples": 2000
 },
 "radial_centroid_block_bootstrap": {
  "n": 5000,
  "n_blocks": 62,
  "median": 0.07514787145560531,
  "p10_p90": [
   -0.12219754961568285,
   0.49049020732572535
  ],
  "rms": 0.5874155166447286,
  "median_ci95_block_bootstrap": [
   0.05420156779582597,
   0.09955778650088631
  ],
  "median_se_block_bootstrap": 0.011933259802566496
 },
 "paper_peak_block_bootstrap": {
  "n": 3577,
  "n_blocks": 62,
  "median": -0.007744834984468207,
  "p10_p90": [
   -0.21486429309043875,
   0.20013132363317498
  ],
  "rms": 0.18521007216661864,
  "median_ci95_block_bootstrap": [
   -0.03825678057363202,
   0.022728486790266178
  ],
  "median_se_block_bootstrap": 0.017042486400363054
 },
 "paper_peak_by_dominant_source": {
  "frf_survey": {
   "n": 5,
   "n_blocks": 1,
   "median": 0.027315235322700415,
   "p10_p90": [
    -0.014410664598737053,
    0.1453601824336383
   ],
   "rms": 0.09281237028860598
  },
  "bluetopo_modern": {
   "n": 925,
   "n_blocks": 26,
   "median": 0.027687813190032218,
   "p10_p90": [
    -0.18942103657137782,
    0.20610057688431474
   ],
   "rms": 0.16936734538456258,
   "median_ci95_block_bootstrap": [
    -0.04489081140493212,
    0.07277211936960715
   ],
   "median_se_block_bootstrap": 0.027692605645327606
  },
  "legacy_corrected": {
   "n": 2647,
   "n_blocks": 44,
   "median": -0.023226465109983274,
   "p10_p90": [
    -0.22872524700083716,
    0.19493591580820074
   ],
   "rms": 0.19056320026165813,
   "median_ci95_block_bootstrap": [
    -0.052111628606874766,
    0.012130632690295906
   ],
   "median_se_block_bootstrap": 0.016637184960357185
  }
 },
 "gauges_m": {
  "8m-array": 8.0,
  "awac-11m": 11.9,
  "waverider-17m": 18.0,
  "waverider-26m": 26.0
 },
 "n_windows": 5000,
 "depth_range_m": [
  7.2197184562683105,
  27.232831954956055
 ],
 "radial_centroid": {
  "median": 0.07514787145560531,
  "p10_p90": [
   -0.12219754961568285,
   0.49049020732572535
  ],
  "robust_scatter_nmad": 0.18014593411801172
 },
 "paper_peak": {
  "n": 3577,
  "median": -0.007744834984468207,
  "p10_p90": [
   -0.21486429309043875,
   0.20013132363317498
  ],
  "robust_scatter_nmad": 0.15885306420655626
 },
 "note": "overlapping windows (50-100 m steps, alongshore averaging) are strongly correlated; bins are not independent samples"
}
[7.0, 8.0] 54 ['waverider-17m'] 95 111 +18.0%
[8.0, 9.0] 123 ['waverider-17m'] 99 125 +24.4%
[9.0, 10.0] 147 ['waverider-17m'] 104 125 +19.6%
[10.0, 11.0] 157 ['waverider-17m'] 109 126 +12.7%
[11.0, 12.0] 178 ['waverider-17m'] 115 126 +11.9%
[12.0, 13.0] 203 ['waverider-17m'] 121 128 +5.2%
[13.0, 14.0] 320 ['waverider-17m'] 125 130 +10.8%
[14.0, 15.0] 501 ['waverider-17m'] 130 141 +9.5%
[15.0, 16.0] 605 ['waverider-17m'] 134 132 +2.0%
[16.0, 17.0] 484 ['waverider-17m'] 139 145 +5.7%
[17.0, 18.0] 496 ['waverider-17m'] 139 142 +3.9%
[18.0, 19.0] 540 ['waverider-17m'] 144 153 +11.6%
[19.0, 20.0] 95 ['waverider-17m'] 148 152 +5.9%
[20.0, 21.0] 289 ['waverider-17m'] 150 156 +4.6%
[21.0, 22.0] 347 ['waverider-17m'] 153 160 +4.6%
[22.0, 23.0] 265 ['waverider-17m'] 155 160 +8.1%
[23.0, 24.0] 21 ['waverider-17m'] 158 162 +2.6%
[26.0, 27.0] 103 ['waverider-17m'] 165 188 +17.6%
[27.0, 28.0] 72 ['waverider-17m'] 165 169 +2.2%
