{
 "gauge_selection": "nearest in depth (sensitivity)",
 "blocks": {
  "transects": 9,
  "distance_m": 1024.0,
  "resamples": 2000
 },
 "radial_centroid_block_bootstrap": {
  "n": 5000,
  "n_blocks": 62,
  "median": 0.08736019306470044,
  "p10_p90": [
   -0.13711075194297542,
   0.5084294933477981
  ],
  "rms": 0.5915814455389612,
  "median_ci95_block_bootstrap": [
   0.060290040080714466,
   0.1113566747978001
  ],
  "median_se_block_bootstrap": 0.013355674557616421
 },
 "paper_peak_block_bootstrap": {
  "n": 3577,
  "n_blocks": 62,
  "median": -0.0015610968674184544,
  "p10_p90": [
   -0.22031526817451702,
   0.20970199067786943
  ],
  "rms": 0.1968087129658851,
  "median_ci95_block_bootstrap": [
   -0.03666413448468865,
   0.025820604694252857
  ],
  "median_se_block_bootstrap": 0.01796321978843872
 },
 "paper_peak_by_dominant_source": {
  "frf_survey": {
   "n": 5,
   "n_blocks": 1,
   "median": 0.0017483103010877965,
   "p10_p90": [
    -0.10767120809972215,
    0.055380585178875785
   ],
   "rms": 0.07594054430768535
  },
  "bluetopo_modern": {
   "n": 925,
   "n_blocks": 26,
   "median": 0.006181299570340748,
   "p10_p90": [
    -0.19177402023544327,
    0.20387179604433214
   ],
   "rms": 0.18461111733509808,
   "median_ci95_block_bootstrap": [
    -0.037941847171868215,
    0.04384679488226384
   ],
   "median_se_block_bootstrap": 0.0221786023318188
  },
  "legacy_corrected": {
   "n": 2647,
   "n_blocks": 44,
   "median": -0.007744834984468207,
   "p10_p90": [
    -0.23472775741476792,
    0.21454014286094725
   ],
   "rms": 0.20105157169583096,
   "median_ci95_block_bootstrap": [
    -0.04408093961883964,
    0.027747382909418424
   ],
   "median_se_block_bootstrap": 0.02153876969039354
  }
 },
 "gauges_m": {
  "8m-array": 8.0,
  "awac-11m": 11.9,
  "waverider-17m": 18.0,
  "waverider-26m": 26.0
 },
 "n_windows": 5000,
 "depth_range_m": [
  7.2197184562683105,
  27.232831954956055
 ],
 "radial_centroid": {
  "median": 0.08736019306470044,
  "p10_p90": [
   -0.13711075194297542,
   0.5084294933477981
  ],
  "robust_scatter_nmad": 0.19767588824214116
 },
 "paper_peak": {
  "n": 3577,
  "median": -0.0015610968674184544,
  "p10_p90": [
   -0.22031526817451702,
   0.20970199067786943
  ],
  "robust_scatter_nmad": 0.16351354931555026
 },
 "note": "overlapping windows (50-100 m steps, alongshore averaging) are strongly correlated; bins are not independent samples"
}
[7.0, 8.0] 54 ['8m-array'] 105 111 +7.1%
[8.0, 9.0] 123 ['8m-array'] 111 125 +13.1%
[9.0, 10.0] 147 ['8m-array', 'awac-11m'] 117 125 +6.4%
[10.0, 11.0] 157 ['awac-11m'] 104 126 +20.7%
[11.0, 12.0] 178 ['awac-11m'] 108 126 +19.3%
[12.0, 13.0] 203 ['awac-11m'] 111 128 +14.1%
[13.0, 14.0] 320 ['awac-11m'] 115 130 +13.6%
[14.0, 15.0] 501 ['awac-11m', 'waverider-17m'] 119 141 +17.7%
[15.0, 16.0] 605 ['waverider-17m'] 134 132 +2.0%
[16.0, 17.0] 484 ['waverider-17m'] 139 145 +5.7%
[17.0, 18.0] 496 ['waverider-17m'] 139 142 +3.9%
[18.0, 19.0] 540 ['waverider-17m'] 144 153 +11.6%
[19.0, 20.0] 95 ['waverider-17m'] 148 152 +5.9%
[20.0, 21.0] 289 ['waverider-17m'] 150 156 +4.6%
[21.0, 22.0] 347 ['waverider-17m'] 153 160 +4.6%
[22.0, 23.0] 265 ['waverider-26m'] 140 160 +5.6%
[23.0, 24.0] 21 ['waverider-26m'] 142 162 +6.0%
[26.0, 27.0] 103 ['waverider-26m'] 148 188 +19.2%
[27.0, 28.0] 72 ['waverider-26m'] 213 169 -20.5%
